Copyright 1986-2019 Xilinx, Inc. All Rights Reserved.
-------------------------------------------------------------------------------------------------------------------------------------------------------------------------------------------
| Tool Version     : Vivado v.2019.2 (win64) Build 2708876 Wed Nov  6 21:40:23 MST 2019
| Date             : Wed Dec 25 20:14:22 2024
| Host             : Legion-Singer running 64-bit major release  (build 9200)
| Command          : report_power -file MiniMIPS32_Lite_FullSyS_power_routed.rpt -pb MiniMIPS32_Lite_FullSyS_power_summary_routed.pb -rpx MiniMIPS32_Lite_FullSyS_power_routed.rpx
| Design           : MiniMIPS32_Lite_FullSyS
| Device           : xc7a35tftg256-1
| Design State     : routed
| Grade            : commercial
| Process          : typical
| Characterization : Production
-------------------------------------------------------------------------------------------------------------------------------------------------------------------------------------------

Power Report

Table of Contents
-----------------
1. Summary
1.1 On-Chip Components
1.2 Power Supply Summary
1.3 Confidence Level
2. Settings
2.1 Environment
2.2 Clock Constraints
3. Detailed Reports
3.1 By Hierarchy

1. Summary
----------

+--------------------------+----------------------------------+
| Total On-Chip Power (W)  | 13.071 (Junction temp exceeded!) |
| Design Power Budget (W)  | Unspecified*                     |
| Power Budget Margin (W)  | NA                               |
| Dynamic (W)              | 12.882                           |
| Device Static (W)        | 0.189                            |
| Effective TJA (C/W)      | 4.9                              |
| Max Ambient (C)          | 21.5                             |
| Junction Temperature (C) | 88.5                             |
| Confidence Level         | Low                              |
| Setting File             | ---                              |
| Simulation Activity File | ---                              |
| Design Nets Matched      | NA                               |
+--------------------------+----------------------------------+
* Specify Design Power Budget using, set_operating_conditions -design_power_budget <value in Watts>


1.1 On-Chip Components
----------------------

+----------------+-----------+----------+-----------+-----------------+
| On-Chip        | Power (W) | Used     | Available | Utilization (%) |
+----------------+-----------+----------+-----------+-----------------+
| Slice Logic    |     5.125 |     3714 |       --- |             --- |
|   LUT as Logic |     4.935 |     1616 |     20800 |            7.77 |
|   CARRY4       |     0.125 |       48 |      8150 |            0.59 |
|   Register     |     0.060 |     1507 |     41600 |            3.62 |
|   BUFG         |     0.006 |        3 |        32 |            9.38 |
|   F7/F8 Muxes  |    <0.001 |      384 |     32600 |            1.18 |
|   Others       |     0.000 |       35 |       --- |             --- |
| Signals        |     7.033 |     2915 |       --- |             --- |
| Block RAM      |     0.716 |        6 |        50 |           12.00 |
| I/O            |     0.008 |       36 |       170 |           21.18 |
| Static Power   |     0.189 |          |           |                 |
| Total          |    13.071 |          |           |                 |
+----------------+-----------+----------+-----------+-----------------+


1.2 Power Supply Summary
------------------------

+-----------+-------------+-----------+-------------+------------+
| Source    | Voltage (V) | Total (A) | Dynamic (A) | Static (A) |
+-----------+-------------+-----------+-------------+------------+
| Vccint    |       1.000 |    12.928 |      12.821 |      0.107 |
| Vccaux    |       1.800 |     0.024 |       0.000 |      0.024 |
| Vcco33    |       3.300 |     0.000 |       0.000 |      0.000 |
| Vcco25    |       2.500 |     0.000 |       0.000 |      0.000 |
| Vcco18    |       1.800 |     0.000 |       0.000 |      0.000 |
| Vcco15    |       1.500 |     0.000 |       0.000 |      0.000 |
| Vcco135   |       1.350 |     0.000 |       0.000 |      0.000 |
| Vcco12    |       1.200 |     0.000 |       0.000 |      0.000 |
| Vccaux_io |       1.800 |     0.000 |       0.000 |      0.000 |
| Vccbram   |       1.000 |     0.064 |       0.061 |      0.003 |
| MGTAVcc   |       1.000 |     0.000 |       0.000 |      0.000 |
| MGTAVtt   |       1.200 |     0.000 |       0.000 |      0.000 |
| Vccadc    |       1.800 |     0.020 |       0.000 |      0.020 |
+-----------+-------------+-----------+-------------+------------+


1.3 Confidence Level
--------------------

+-----------------------------+------------+--------------------------------------------------------+--------------------------------------------------------------------------------------------------------------------+
| User Input Data             | Confidence | Details                                                | Action                                                                                                             |
+-----------------------------+------------+--------------------------------------------------------+--------------------------------------------------------------------------------------------------------------------+
| Design implementation state | High       | Design is routed                                       |                                                                                                                    |
| Clock nodes activity        | Low        | User specified less than 75% of clocks                 | Provide missing clock activity with a constraint file, simulation results or by editing the "By Clock Domain" view |
| I/O nodes activity          | Low        | More than 75% of inputs are missing user specification | Provide missing input activity with simulation results or by editing the "By Resource Type -> I/Os" view           |
| Internal nodes activity     | Medium     | User specified less than 25% of internal nodes         | Provide missing internal nodes activity with simulation results or by editing the "By Resource Type" views         |
| Device models               | High       | Device models are Production                           |                                                                                                                    |
|                             |            |                                                        |                                                                                                                    |
| Overall confidence level    | Low        |                                                        |                                                                                                                    |
+-----------------------------+------------+--------------------------------------------------------+--------------------------------------------------------------------------------------------------------------------+


2. Settings
-----------

2.1 Environment
---------------

+-----------------------+--------------------------+
| Ambient Temp (C)      | 25.0                     |
| ThetaJA (C/W)         | 4.9                      |
| Airflow (LFM)         | 250                      |
| Heat Sink             | medium (Medium Profile)  |
| ThetaSA (C/W)         | 4.6                      |
| Board Selection       | medium (10"x10")         |
| # of Board Layers     | 12to15 (12 to 15 Layers) |
| Board Temperature (C) | 25.0                     |
+-----------------------+--------------------------+


2.2 Clock Constraints
---------------------

+-------+--------+-----------------+
| Clock | Domain | Constraint (ns) |
+-------+--------+-----------------+


3. Detailed Reports
-------------------

3.1 By Hierarchy
----------------

+-------------------------+-----------+
| Name                    | Power (W) |
+-------------------------+-----------+
| MiniMIPS32_Lite_FullSyS |    12.882 |
|   cpu                   |     6.765 |
|     exemem_reg0         |     0.748 |
|     idexe_reg0          |     1.776 |
|     if_stage0           |     0.185 |
|     ifid_reg0           |     0.496 |
|     memwb_reg0          |     0.893 |
|     regfile0            |     2.668 |
|   data_ram0             |     0.229 |
|     U0                  |     0.229 |
|       inst_blk_mem_gen  |     0.229 |
|   ext_uart_r            |     0.202 |
|     tickgen             |     0.175 |
|   ext_uart_t            |     0.026 |
|     tickgen             |     0.026 |
|   inst_rom0             |     5.269 |
|     U0                  |     5.269 |
|       inst_blk_mem_gen  |     5.269 |
|   inst_rom1             |     0.230 |
|     U0                  |     0.230 |
|       inst_blk_mem_gen  |     0.230 |
+-------------------------+-----------+


