Vivado Simulator 2019.2
Time resolution is 1 ps
 Block Memory Generator module loading initial data...
 Block Memory Generator data initialization complete.
Block Memory Generator module sys_tb.SoC.inst_rom0.inst.native_mem_module.blk_mem_gen_v8_4_4_inst is using a behavioral model for simulation which will not precisely model memory collision behavior.
 Block Memory Generator module loading initial data...
 Block Memory Generator data initialization complete.
Block Memory Generator module sys_tb.SoC.inst_rom1.inst.native_mem_module.blk_mem_gen_v8_4_4_inst is using a behavioral model for simulation which will not precisely model memory collision behavior.
 Block Memory Generator module loading initial data...
 Block Memory Generator data initialization complete.
Block Memory Generator module sys_tb.SoC.data_ram0.inst.native_mem_module.blk_mem_gen_v8_4_4_inst is using a behavioral model for simulation which will not precisely model memory collision behavior.
Test Case 1: btn_rc = 10001000, Expected btn_num = F
Captured Byte: 0x0f 
Test Case 2: btn_rc = 00100100, Expected btn_num = 6
Captured Byte: 0x06 
Test Case 3: btn_rc = 00010010, Expected btn_num = 1
Captured Byte: 0x01 
Test Case 4: btn_rc = 01000001, Expected btn_num = 8
Captured Byte: 0x08 
Test Case 5: btn_rc = 00000000, Expected btn_num = 0
$stop called at time : 6 us : File "E:/Labs/COAProj/MiniMIPS32_Ri/SoC/MiniMIPS32_Lite_FullSyS.srcs/sim_1/new/sys_tb.v" Line 166
